{
  args: [ 'test\\parser\\default.config.js' ],
  cliProvided: Set(0) {},
  configProvided: Set(0) {},
  errors: [],
  options: { optionA: false },
  unknown: [ '--config' ]
}
