{
  args: [ 'test\\parser\\file.config.js' ],
  cliProvided: Set(1) { 'optionA' },
  configProvided: Set(0) {},
  errors: [],
  options: { optionA: <Buffer 61 20 62 20 63 20 64 20 65 20 66 20 67 0d 0a> },
  unknown: [ '--config' ]
}
