{
  args: [ 'test\\parser\\flags.config.js' ],
  cliProvided: Set(1) { 'optionA' },
  configProvided: Set(0) {},
  errors: [],
  options: { optionA: true },
  unknown: [ '--config' ]
}
