{
  args: [ 'test\\parser\\float.config.js' ],
  cliProvided: Set(1) { 'optionA' },
  configProvided: Set(0) {},
  errors: [],
  options: { optionA: 3.14 },
  unknown: [ '--config' ]
}
