{
  args: [],
  cliProvided: Set(1) { 'optionA' },
  configProvided: Set(0) {},
  errors: [],
  options: { optionA: [ 'test/files/a.txt', 'test/files/b.txt' ] },
  unknown: []
}
