{
  args: [],
  cliProvided: Set(1) { 'optionA' },
  configProvided: Set(0) {},
  errors: [],
  options: { optionA: [ 10, 9, 8, 7, 6 ] },
  unknown: []
}
