{
  args: [],
  cliProvided: Set(1) { 'optionA' },
  configProvided: Set(0) {},
  errors: [
    "ENOENT: no such file or directory, open '{CWD}/test/files/c.txt'"
  ],
  options: { optionA: undefined },
  unknown: []
}
