{
  args: [ 'test\\parser\\regexp-array.config.js' ],
  cliProvided: Set(1) { 'optionA' },
  configProvided: Set(0) {},
  errors: [],
  options: { optionA: [ /a.*bc/, /d(.*)ef/ ] },
  unknown: [ '--config' ]
}
