{
  args: [ 'test\\parser\\regexp.config.js' ],
  cliProvided: Set(1) { 'optionA' },
  configProvided: Set(0) {},
  errors: [],
  options: { optionA: /a.*bc/ },
  unknown: [ '--config' ]
}
