{
  args: [],
  cliProvided: Set(1) { 'optionA' },
  configProvided: Set(0) {},
  errors: [],
  options: { optionA: '{CWD}/test/files/a.txt' },
  unknown: []
}
