{
  args: [ 'test\\parser\\resolve.config.js' ],
  cliProvided: Set(1) { 'optionA' },
  configProvided: Set(0) {},
  errors: [],
  options: { optionA: '{CWD}/test/files/a.txt' },
  unknown: [ '--config' ]
}
