{
  args: [],
  cliProvided: Set(0) {},
  configProvided: Set(0) {},
  errors: [],
  options: {},
  unknown: [ '--unknown' ]
}
